2026-02-13 12:13:48,169 - SimpleLog4JLogSystem initialized using logfile 'velocity.log'
2026-02-13 12:13:48,170 - ************************************************************** 
2026-02-13 12:13:48,170 - Starting Jakarta Velocity v1.4
2026-02-13 12:13:48,170 - RuntimeInstance initializing.
2026-02-13 12:13:48,170 - Default Properties File: org\apache\velocity\runtime\defaults\velocity.properties
2026-02-13 12:13:48,170 - Trying to use logger class org.apache.velocity.runtime.log.SimpleLog4JLogSystem
2026-02-13 12:13:48,170 - Using logger class org.apache.velocity.runtime.log.SimpleLog4JLogSystem
2026-02-13 12:13:48,170 - Default ResourceManager initializing. (class org.apache.velocity.runtime.resource.ResourceManagerImpl)
2026-02-13 12:13:48,189 - Resource Loader Instantiated: org.apache.velocity.runtime.resource.loader.ClasspathResourceLoader
2026-02-13 12:13:48,189 - ClasspathResourceLoader : initialization starting.
2026-02-13 12:13:48,189 - ClasspathResourceLoader : initialization complete.
2026-02-13 12:13:48,189 - ResourceCache : initialized. (class org.apache.velocity.runtime.resource.ResourceCacheImpl)
2026-02-13 12:13:48,189 - Default ResourceManager initialization complete.
2026-02-13 12:13:48,189 - Loaded System Directive: org.apache.velocity.runtime.directive.Literal
2026-02-13 12:13:48,189 - Loaded System Directive: org.apache.velocity.runtime.directive.Macro
2026-02-13 12:13:48,189 - Loaded System Directive: org.apache.velocity.runtime.directive.Parse
2026-02-13 12:13:48,189 - Loaded System Directive: org.apache.velocity.runtime.directive.Include
2026-02-13 12:13:48,189 - Loaded System Directive: org.apache.velocity.runtime.directive.Foreach
2026-02-13 12:13:48,203 - Created: 20 parsers.
2026-02-13 12:13:48,208 - Velocimacro : initialization starting.
2026-02-13 12:13:48,208 - Velocimacro : adding VMs from VM library template : VM_global_library.vm
2026-02-13 12:13:48,208 - ResourceManager : unable to find resource 'VM_global_library.vm' in any resource loader.
2026-02-13 12:13:48,208 - Velocimacro : error using  VM library template VM_global_library.vm : org.apache.velocity.exception.ResourceNotFoundException: Unable to find resource 'VM_global_library.vm'
2026-02-13 12:13:48,208 - Velocimacro :  VM library template macro registration complete.
2026-02-13 12:13:48,208 - Velocimacro : allowInline = true : VMs can be defined inline in templates
2026-02-13 12:13:48,208 - Velocimacro : allowInlineToOverride = false : VMs defined inline may NOT replace previous VM definitions
2026-02-13 12:13:48,208 - Velocimacro : allowInlineLocal = false : VMs defined inline will be  global in scope if allowed.
2026-02-13 12:13:48,208 - Velocimacro : messages on  : VM system will output logging messages
2026-02-13 12:13:48,208 - Velocimacro : autoload off  : VM system will not automatically reload global library macros
2026-02-13 12:13:48,208 - Velocimacro : initialization complete.
2026-02-13 12:13:48,208 - Velocity successfully started.
